1784822758.322871 client started (54745): version 3.4, socket /tmp/tmux-1000/default, protocol 8
1784822758.322894 on Linux 6.6.87.2-microsoft-standard-WSL2 #1 SMP PREEMPT_DYNAMIC Thu Jun  5 18:30:46 UTC 2025
1784822758.322896 using libevent 2.1.12-stable poll
1784822758.322897 using ncurses 6.4 20240113
1784822758.322903 flags are 0x18010000
1784822758.322908 socket is /tmp/tmux-1000/default
1784822758.322919 trying connect
1784822758.322932 connect failed: Connection refused
1784822758.322936 lock file is /tmp/tmux-1000/default.lock
1784822758.323639 flock succeeded
1784822758.323644 got lock (7)
1784822758.323650 trying connect
1784822758.323657 connect failed: Connection refused
1784822758.323837 add peer 0x5ec07557e2c0: 8 ((nil))
1784822758.324001 sending message 100 to peer 0x5ec07557e2c0 (4 bytes)
1784822758.324003 sending message 111 to peer 0x5ec07557e2c0 (8 bytes)
1784822758.324004 sending message 101 to peer 0x5ec07557e2c0 (15 bytes)
1784822758.324005 sending message 109 to peer 0x5ec07557e2c0 (4 bytes)
1784822758.324006 sending message 102 to peer 0x5ec07557e2c0 (11 bytes)
1784822758.324016 sending message 108 to peer 0x5ec07557e2c0 (21 bytes)
1784822758.324017 sending message 112 to peer 0x5ec07557e2c0 (58 bytes)
1784822758.324018 sending message 112 to peer 0x5ec07557e2c0 (5 bytes)
1784822758.324019 sending message 112 to peer 0x5ec07557e2c0 (5 bytes)
1784822758.324020 sending message 112 to peer 0x5ec07557e2c0 (6 bytes)
1784822758.324020 sending message 112 to peer 0x5ec07557e2c0 (6 bytes)
1784822758.324021 sending message 112 to peer 0x5ec07557e2c0 (11 bytes)
1784822758.324022 sending message 112 to peer 0x5ec07557e2c0 (10 bytes)
1784822758.324022 sending message 112 to peer 0x5ec07557e2c0 (13 bytes)
1784822758.324023 sending message 112 to peer 0x5ec07557e2c0 (14 bytes)
1784822758.324024 sending message 112 to peer 0x5ec07557e2c0 (19 bytes)
1784822758.324024 sending message 112 to peer 0x5ec07557e2c0 (11 bytes)
1784822758.324025 sending message 112 to peer 0x5ec07557e2c0 (10 bytes)
1784822758.324026 sending message 112 to peer 0x5ec07557e2c0 (15 bytes)
1784822758.324026 sending message 112 to peer 0x5ec07557e2c0 (21 bytes)
1784822758.324027 sending message 112 to peer 0x5ec07557e2c0 (13 bytes)
1784822758.324028 sending message 112 to peer 0x5ec07557e2c0 (7 bytes)
1784822758.324028 sending message 112 to peer 0x5ec07557e2c0 (13 bytes)
1784822758.324029 sending message 112 to peer 0x5ec07557e2c0 (7 bytes)
1784822758.324030 sending message 112 to peer 0x5ec07557e2c0 (13 bytes)
1784822758.324030 sending message 112 to peer 0x5ec07557e2c0 (9 bytes)
1784822758.324031 sending message 112 to peer 0x5ec07557e2c0 (21 bytes)
1784822758.324032 sending message 112 to peer 0x5ec07557e2c0 (13 bytes)
1784822758.324032 sending message 112 to peer 0x5ec07557e2c0 (9 bytes)
1784822758.324033 sending message 112 to peer 0x5ec07557e2c0 (16 bytes)
1784822758.324034 sending message 112 to peer 0x5ec07557e2c0 (13 bytes)
1784822758.324034 sending message 112 to peer 0x5ec07557e2c0 (9 bytes)
1784822758.324035 sending message 112 to peer 0x5ec07557e2c0 (9 bytes)
1784822758.324036 sending message 112 to peer 0x5ec07557e2c0 (12 bytes)
1784822758.324036 sending message 112 to peer 0x5ec07557e2c0 (8 bytes)
1784822758.324037 sending message 112 to peer 0x5ec07557e2c0 (8 bytes)
1784822758.324038 sending message 112 to peer 0x5ec07557e2c0 (13 bytes)
1784822758.324038 sending message 112 to peer 0x5ec07557e2c0 (7 bytes)
1784822758.324039 sending message 112 to peer 0x5ec07557e2c0 (7 bytes)
1784822758.324040 sending message 112 to peer 0x5ec07557e2c0 (9 bytes)
1784822758.324040 sending message 112 to peer 0x5ec07557e2c0 (9 bytes)
1784822758.324041 sending message 112 to peer 0x5ec07557e2c0 (15 bytes)
1784822758.324042 sending message 112 to peer 0x5ec07557e2c0 (13 bytes)
1784822758.324042 sending message 112 to peer 0x5ec07557e2c0 (12 bytes)
1784822758.324043 sending message 112 to peer 0x5ec07557e2c0 (8 bytes)
1784822758.324044 sending message 112 to peer 0x5ec07557e2c0 (14 bytes)
1784822758.324045 sending message 112 to peer 0x5ec07557e2c0 (11 bytes)
1784822758.324050 sending message 112 to peer 0x5ec07557e2c0 (9 bytes)
1784822758.324050 sending message 112 to peer 0x5ec07557e2c0 (10 bytes)
1784822758.324051 sending message 112 to peer 0x5ec07557e2c0 (10 bytes)
1784822758.324052 sending message 112 to peer 0x5ec07557e2c0 (10 bytes)
1784822758.324052 sending message 112 to peer 0x5ec07557e2c0 (10 bytes)
1784822758.324053 sending message 112 to peer 0x5ec07557e2c0 (11 bytes)
1784822758.324054 sending message 112 to peer 0x5ec07557e2c0 (12 bytes)
1784822758.324054 sending message 112 to peer 0x5ec07557e2c0 (12 bytes)
1784822758.324055 sending message 112 to peer 0x5ec07557e2c0 (12 bytes)
1784822758.324056 sending message 112 to peer 0x5ec07557e2c0 (12 bytes)
1784822758.324056 sending message 112 to peer 0x5ec07557e2c0 (12 bytes)
1784822758.324057 sending message 112 to peer 0x5ec07557e2c0 (11 bytes)
1784822758.324058 sending message 112 to peer 0x5ec07557e2c0 (11 bytes)
1784822758.324058 sending message 112 to peer 0x5ec07557e2c0 (12 bytes)
1784822758.324059 sending message 112 to peer 0x5ec07557e2c0 (12 bytes)
1784822758.324060 sending message 112 to peer 0x5ec07557e2c0 (12 bytes)
1784822758.324060 sending message 112 to peer 0x5ec07557e2c0 (12 bytes)
1784822758.324061 sending message 112 to peer 0x5ec07557e2c0 (12 bytes)
1784822758.324062 sending message 112 to peer 0x5ec07557e2c0 (9 bytes)
1784822758.324062 sending message 112 to peer 0x5ec07557e2c0 (12 bytes)
1784822758.324063 sending message 112 to peer 0x5ec07557e2c0 (13 bytes)
1784822758.324063 sending message 112 to peer 0x5ec07557e2c0 (13 bytes)
1784822758.324064 sending message 112 to peer 0x5ec07557e2c0 (13 bytes)
1784822758.324065 sending message 112 to peer 0x5ec07557e2c0 (13 bytes)
1784822758.324065 sending message 112 to peer 0x5ec07557e2c0 (13 bytes)
1784822758.324066 sending message 112 to peer 0x5ec07557e2c0 (8 bytes)
1784822758.324067 sending message 112 to peer 0x5ec07557e2c0 (11 bytes)
1784822758.324067 sending message 112 to peer 0x5ec07557e2c0 (11 bytes)
1784822758.324068 sending message 112 to peer 0x5ec07557e2c0 (11 bytes)
1784822758.324069 sending message 112 to peer 0x5ec07557e2c0 (12 bytes)
1784822758.324069 sending message 112 to peer 0x5ec07557e2c0 (12 bytes)
1784822758.324070 sending message 112 to peer 0x5ec07557e2c0 (12 bytes)
1784822758.324071 sending message 112 to peer 0x5ec07557e2c0 (12 bytes)
1784822758.324071 sending message 112 to peer 0x5ec07557e2c0 (13 bytes)
1784822758.324072 sending message 112 to peer 0x5ec07557e2c0 (13 bytes)
1784822758.324073 sending message 112 to peer 0x5ec07557e2c0 (13 bytes)
1784822758.324073 sending message 112 to peer 0x5ec07557e2c0 (8 bytes)
1784822758.324074 sending message 112 to peer 0x5ec07557e2c0 (13 bytes)
1784822758.324075 sending message 112 to peer 0x5ec07557e2c0 (13 bytes)
1784822758.324075 sending message 112 to peer 0x5ec07557e2c0 (13 bytes)
1784822758.324076 sending message 112 to peer 0x5ec07557e2c0 (13 bytes)
1784822758.324076 sending message 112 to peer 0x5ec07557e2c0 (13 bytes)
1784822758.324077 sending message 112 to peer 0x5ec07557e2c0 (12 bytes)
1784822758.324078 sending message 112 to peer 0x5ec07557e2c0 (12 bytes)
1784822758.324078 sending message 112 to peer 0x5ec07557e2c0 (12 bytes)
1784822758.324079 sending message 112 to peer 0x5ec07557e2c0 (12 bytes)
1784822758.324080 sending message 112 to peer 0x5ec07557e2c0 (13 bytes)
1784822758.324080 sending message 112 to peer 0x5ec07557e2c0 (8 bytes)
1784822758.324081 sending message 112 to peer 0x5ec07557e2c0 (13 bytes)
1784822758.324082 sending message 112 to peer 0x5ec07557e2c0 (13 bytes)
1784822758.324082 sending message 112 to peer 0x5ec07557e2c0 (13 bytes)
1784822758.324083 sending message 112 to peer 0x5ec07557e2c0 (13 bytes)
1784822758.324084 sending message 112 to peer 0x5ec07557e2c0 (13 bytes)
1784822758.324084 sending message 112 to peer 0x5ec07557e2c0 (13 bytes)
1784822758.324085 sending message 112 to peer 0x5ec07557e2c0 (13 bytes)
1784822758.324086 sending message 112 to peer 0x5ec07557e2c0 (12 bytes)
1784822758.324086 sending message 112 to peer 0x5ec07557e2c0 (12 bytes)
1784822758.324088 sending message 112 to peer 0x5ec07557e2c0 (12 bytes)
1784822758.324089 sending message 112 to peer 0x5ec07557e2c0 (8 bytes)
1784822758.324090 sending message 112 to peer 0x5ec07557e2c0 (12 bytes)
1784822758.324090 sending message 112 to peer 0x5ec07557e2c0 (13 bytes)
1784822758.324091 sending message 112 to peer 0x5ec07557e2c0 (13 bytes)
1784822758.324092 sending message 112 to peer 0x5ec07557e2c0 (13 bytes)
1784822758.324092 sending message 112 to peer 0x5ec07557e2c0 (13 bytes)
1784822758.324093 sending message 112 to peer 0x5ec07557e2c0 (13 bytes)
1784822758.324094 sending message 112 to peer 0x5ec07557e2c0 (13 bytes)
1784822758.324094 sending message 112 to peer 0x5ec07557e2c0 (13 bytes)
1784822758.324095 sending message 112 to peer 0x5ec07557e2c0 (13 bytes)
1784822758.324096 sending message 112 to peer 0x5ec07557e2c0 (12 bytes)
1784822758.324096 sending message 112 to peer 0x5ec07557e2c0 (10 bytes)
1784822758.324097 sending message 112 to peer 0x5ec07557e2c0 (12 bytes)
1784822758.324098 sending message 112 to peer 0x5ec07557e2c0 (12 bytes)
1784822758.324098 sending message 112 to peer 0x5ec07557e2c0 (12 bytes)
1784822758.324099 sending message 112 to peer 0x5ec07557e2c0 (13 bytes)
1784822758.324100 sending message 112 to peer 0x5ec07557e2c0 (13 bytes)
1784822758.324100 sending message 112 to peer 0x5ec07557e2c0 (13 bytes)
1784822758.324101 sending message 112 to peer 0x5ec07557e2c0 (13 bytes)
1784822758.324101 sending message 112 to peer 0x5ec07557e2c0 (13 bytes)
1784822758.324102 sending message 112 to peer 0x5ec07557e2c0 (13 bytes)
1784822758.324103 sending message 112 to peer 0x5ec07557e2c0 (13 bytes)
1784822758.324103 sending message 112 to peer 0x5ec07557e2c0 (10 bytes)
1784822758.324104 sending message 112 to peer 0x5ec07557e2c0 (13 bytes)
1784822758.324105 sending message 112 to peer 0x5ec07557e2c0 (12 bytes)
1784822758.324105 sending message 112 to peer 0x5ec07557e2c0 (12 bytes)
1784822758.324106 sending message 112 to peer 0x5ec07557e2c0 (12 bytes)
1784822758.324107 sending message 112 to peer 0x5ec07557e2c0 (10 bytes)
1784822758.324107 sending message 112 to peer 0x5ec07557e2c0 (10 bytes)
1784822758.324108 sending message 112 to peer 0x5ec07557e2c0 (10 bytes)
1784822758.324109 sending message 112 to peer 0x5ec07557e2c0 (12 bytes)
1784822758.324109 sending message 112 to peer 0x5ec07557e2c0 (13 bytes)
1784822758.324110 sending message 112 to peer 0x5ec07557e2c0 (13 bytes)
1784822758.324111 sending message 112 to peer 0x5ec07557e2c0 (13 bytes)
1784822758.324111 sending message 112 to peer 0x5ec07557e2c0 (13 bytes)
1784822758.324112 sending message 112 to peer 0x5ec07557e2c0 (13 bytes)
1784822758.324112 sending message 112 to peer 0x5ec07557e2c0 (10 bytes)
1784822758.324113 sending message 112 to peer 0x5ec07557e2c0 (11 bytes)
1784822758.324114 sending message 112 to peer 0x5ec07557e2c0 (12 bytes)
1784822758.324114 sending message 112 to peer 0x5ec07557e2c0 (12 bytes)
1784822758.324138 sending message 112 to peer 0x5ec07557e2c0 (12 bytes)
1784822758.324141 sending message 112 to peer 0x5ec07557e2c0 (12 bytes)
1784822758.324142 sending message 112 to peer 0x5ec07557e2c0 (12 bytes)
1784822758.324143 sending message 112 to peer 0x5ec07557e2c0 (11 bytes)
1784822758.324144 sending message 112 to peer 0x5ec07557e2c0 (12 bytes)
1784822758.324144 sending message 112 to peer 0x5ec07557e2c0 (12 bytes)
1784822758.324145 sending message 112 to peer 0x5ec07557e2c0 (13 bytes)
1784822758.324146 sending message 112 to peer 0x5ec07557e2c0 (13 bytes)
1784822758.324146 sending message 112 to peer 0x5ec07557e2c0 (13 bytes)
1784822758.324147 sending message 112 to peer 0x5ec07557e2c0 (13 bytes)
1784822758.324148 sending message 112 to peer 0x5ec07557e2c0 (13 bytes)
1784822758.324148 sending message 112 to peer 0x5ec07557e2c0 (10 bytes)
1784822758.324149 sending message 112 to peer 0x5ec07557e2c0 (9 bytes)
1784822758.324150 sending message 112 to peer 0x5ec07557e2c0 (12 bytes)
1784822758.324150 sending message 112 to peer 0x5ec07557e2c0 (13 bytes)
1784822758.324151 sending message 112 to peer 0x5ec07557e2c0 (13 bytes)
1784822758.324156 sending message 112 to peer 0x5ec07557e2c0 (13 bytes)
1784822758.324157 sending message 112 to peer 0x5ec07557e2c0 (13 bytes)
1784822758.324158 sending message 112 to peer 0x5ec07557e2c0 (13 bytes)
1784822758.324158 sending message 112 to peer 0x5ec07557e2c0 (9 bytes)
1784822758.324159 sending message 112 to peer 0x5ec07557e2c0 (12 bytes)
1784822758.324160 sending message 112 to peer 0x5ec07557e2c0 (13 bytes)
1784822758.324160 sending message 112 to peer 0x5ec07557e2c0 (13 bytes)
1784822758.324161 sending message 112 to peer 0x5ec07557e2c0 (13 bytes)
1784822758.324161 sending message 112 to peer 0x5ec07557e2c0 (13 bytes)
1784822758.324162 sending message 112 to peer 0x5ec07557e2c0 (13 bytes)
1784822758.324163 sending message 112 to peer 0x5ec07557e2c0 (11 bytes)
1784822758.324163 sending message 112 to peer 0x5ec07557e2c0 (12 bytes)
1784822758.324164 sending message 112 to peer 0x5ec07557e2c0 (13 bytes)
1784822758.324165 sending message 112 to peer 0x5ec07557e2c0 (13 bytes)
1784822758.324165 sending message 112 to peer 0x5ec07557e2c0 (13 bytes)
1784822758.324166 sending message 112 to peer 0x5ec07557e2c0 (13 bytes)
1784822758.324167 sending message 112 to peer 0x5ec07557e2c0 (13 bytes)
1784822758.324167 sending message 112 to peer 0x5ec07557e2c0 (11 bytes)
1784822758.324168 sending message 112 to peer 0x5ec07557e2c0 (12 bytes)
1784822758.324169 sending message 112 to peer 0x5ec07557e2c0 (12 bytes)
1784822758.324169 sending message 112 to peer 0x5ec07557e2c0 (12 bytes)
1784822758.324170 sending message 112 to peer 0x5ec07557e2c0 (12 bytes)
1784822758.324171 sending message 112 to peer 0x5ec07557e2c0 (12 bytes)
1784822758.324171 sending message 112 to peer 0x5ec07557e2c0 (21 bytes)
1784822758.324172 sending message 112 to peer 0x5ec07557e2c0 (12 bytes)
1784822758.324173 sending message 112 to peer 0x5ec07557e2c0 (9 bytes)
1784822758.324174 sending message 112 to peer 0x5ec07557e2c0 (6 bytes)
1784822758.324174 sending message 112 to peer 0x5ec07557e2c0 (13 bytes)
1784822758.324175 sending message 112 to peer 0x5ec07557e2c0 (10 bytes)
1784822758.324176 sending message 112 to peer 0x5ec07557e2c0 (24 bytes)
1784822758.324177 sending message 112 to peer 0x5ec07557e2c0 (13 bytes)
1784822758.324177 sending message 112 to peer 0x5ec07557e2c0 (9 bytes)
1784822758.324178 sending message 112 to peer 0x5ec07557e2c0 (70 bytes)
1784822758.324179 sending message 112 to peer 0x5ec07557e2c0 (69 bytes)
1784822758.324179 sending message 112 to peer 0x5ec07557e2c0 (12 bytes)
1784822758.324180 sending message 112 to peer 0x5ec07557e2c0 (10 bytes)
1784822758.324181 sending message 112 to peer 0x5ec07557e2c0 (10 bytes)
1784822758.324181 sending message 112 to peer 0x5ec07557e2c0 (24 bytes)
1784822758.324182 sending message 112 to peer 0x5ec07557e2c0 (13 bytes)
1784822758.324183 sending message 112 to peer 0x5ec07557e2c0 (10 bytes)
1784822758.324184 sending message 112 to peer 0x5ec07557e2c0 (10 bytes)
1784822758.324185 sending message 112 to peer 0x5ec07557e2c0 (10 bytes)
1784822758.324185 sending message 112 to peer 0x5ec07557e2c0 (13 bytes)
1784822758.324186 sending message 112 to peer 0x5ec07557e2c0 (15 bytes)
1784822758.324187 sending message 112 to peer 0x5ec07557e2c0 (5 bytes)
1784822758.324188 sending message 104 to peer 0x5ec07557e2c0 (0 bytes)
1784822758.324189 sending message 110 to peer 0x5ec07557e2c0 (0 bytes)
1784822758.324190 sending message 107 to peer 0x5ec07557e2c0 (4 bytes)
1784822758.324191 sending message 105 to peer 0x5ec07557e2c0 (16 bytes)
1784822758.324192 sending message 105 to peer 0x5ec07557e2c0 (13 bytes)
1784822758.324192 sending message 105 to peer 0x5ec07557e2c0 (1681 bytes)
1784822758.324197 sending message 105 to peer 0x5ec07557e2c0 (20 bytes)
1784822758.324198 sending message 105 to peer 0x5ec07557e2c0 (32 bytes)
1784822758.324199 sending message 105 to peer 0x5ec07557e2c0 (11 bytes)
1784822758.324200 sending message 105 to peer 0x5ec07557e2c0 (26 bytes)
1784822758.324201 sending message 105 to peer 0x5ec07557e2c0 (40 bytes)
1784822758.324201 sending message 105 to peer 0x5ec07557e2c0 (24 bytes)
1784822758.324203 sending message 105 to peer 0x5ec07557e2c0 (8 bytes)
1784822758.324204 sending message 105 to peer 0x5ec07557e2c0 (35 bytes)
1784822758.324205 sending message 105 to peer 0x5ec07557e2c0 (13 bytes)
1784822758.324205 sending message 105 to peer 0x5ec07557e2c0 (23 bytes)
1784822758.324206 sending message 105 to peer 0x5ec07557e2c0 (16 bytes)
1784822758.324207 sending message 105 to peer 0x5ec07557e2c0 (10 bytes)
1784822758.324207 sending message 105 to peer 0x5ec07557e2c0 (13 bytes)
1784822758.324208 sending message 105 to peer 0x5ec07557e2c0 (19 bytes)
1784822758.324209 sending message 105 to peer 0x5ec07557e2c0 (54 bytes)
1784822758.324209 sending message 105 to peer 0x5ec07557e2c0 (8 bytes)
1784822758.324210 sending message 105 to peer 0x5ec07557e2c0 (25 bytes)
1784822758.324211 sending message 105 to peer 0x5ec07557e2c0 (36 bytes)
1784822758.324211 sending message 105 to peer 0x5ec07557e2c0 (12 bytes)
1784822758.324212 sending message 105 to peer 0x5ec07557e2c0 (20 bytes)
1784822758.324213 sending message 105 to peer 0x5ec07557e2c0 (26 bytes)
1784822758.324214 sending message 105 to peer 0x5ec07557e2c0 (11 bytes)
1784822758.324214 sending message 105 to peer 0x5ec07557e2c0 (8 bytes)
1784822758.324215 sending message 105 to peer 0x5ec07557e2c0 (32 bytes)
1784822758.324216 sending message 105 to peer 0x5ec07557e2c0 (1817 bytes)
1784822758.324217 sending message 105 to peer 0x5ec07557e2c0 (10 bytes)
1784822758.324218 sending message 105 to peer 0x5ec07557e2c0 (24 bytes)
1784822758.324218 sending message 105 to peer 0x5ec07557e2c0 (24 bytes)
1784822758.324219 sending message 105 to peer 0x5ec07557e2c0 (16 bytes)
1784822758.324220 sending message 105 to peer 0x5ec07557e2c0 (51 bytes)
1784822758.324221 sending message 105 to peer 0x5ec07557e2c0 (60 bytes)
1784822758.324221 sending message 105 to peer 0x5ec07557e2c0 (16 bytes)
1784822758.324222 sending message 106 to peer 0x5ec07557e2c0 (0 bytes)
1784822758.324241 sending message 200 to peer 0x5ec07557e2c0 (4 bytes)
1784822758.324242 client loop enter
1784822758.324250 client_signal: Child exited
1784822758.370590 peer 0x5ec07557e2c0 message 207
1784822758.370597 sending message 208 to peer 0x5ec07557e2c0 (0 bytes)
1784822762.744239 peer 0x5ec07557e2c0 message 203
1784822762.744250 sending message 205 to peer 0x5ec07557e2c0 (0 bytes)
1784822762.744460 peer 0x5ec07557e2c0 message 204
1784822762.744467 client loop exit
